// Jest Snapshot v1, https://goo.gl/fbAQLP

exports[`renderIcon must fail if the icon can not be rendered 1`] = `"received is not a function"`;
